........................................................................ [ 88%]
.........                                                                [100%]
============================== warnings summary ===============================
tests/test_data_sources_redaction.py::test_data_sources_never_return_plaintext_secrets
  D:\Download\GoodpointAI\python_backend\models\admin_config_models.py:660: PydanticDeprecatedSince20: Support for class-based `config` is deprecated, use ConfigDict instead. Deprecated in Pydantic V2.0 to be removed in V3.0. See Pydantic V2 Migration Guide at https://errors.pydantic.dev/2.12/migration/
    class OAuthConfig(BaseModel):

-- Docs: https://docs.pytest.org/en/stable/how-to/capture-warnings.html
81 passed, 1 warning in 200.25s (0:03:20)
